Hello it my first line!
